---
source: src/app/drag_controller/tests.rs
expression: "rendered_gate_bodies(&app, &ctx, &geometry, egui::Pos2::ZERO, 0.0)"
---
[
    (
        [162.0 256.0],
        false,
    ),
    (
        [218.0 256.0],
        false,
    ),
    (
        [246.0 256.0],
        true,
    ),
    (
        [274.0 256.0],
        false,
    ),
]
