---
source: tests/snapshots.rs
expression: snapshot
---
"▔▔▔▔▔ ▔▔▔▔▔ ▔▔▔▔▔ ▔▔▔▔▔ ▔▔▔▔▔ ▔▔▔▔▔ ▔▔▔▔▔ ▔▔▔▔▔ ▔▔▔▔▔ ▔▔▔▔▔ ▔▔▔▔▔ ▔▔▔▔▔ ▔▔▔▔▔  ╲"
"  H     +     Y     Z    √X     S     S†    T     T†    Φ     Rx    Ry    Rz    "
"▁▁▁▁▁ ▁▁▁▁▁ ▁▁▁▁▁ ▁▁▁▁▁ ▁▁▁▁▁ ▁▁▁▁▁ ▁▁▁▁▁ ▁▁▁▁▁ ▁▁▁▁▁ ▁▁▁▁▁ ▁▁▁▁▁ ▁▁▁▁▁ ▁▁▁▁▁  ╱"
"                                                                                "
"────────────────────────────────────────────────────────────────────────────────"
"                                                                                "
"     │                                                                          "
"q0: -│--------------------------------------------------------------------------"
"     │                                                                          "
"     │                                                                          "
"     │                                                                          "
"q1: -│--------------------------------------------------------------------------"
"     │                                                                          "
"                                                                                "
"                                                                                "
"                                                                                "
"                                                                                "
"                                                                                "
"                                                                                "
"                                                                                "
"                                                                                "
"                                                                                "
"                                                                                "
"                                                                                "
"                                                                                "
"                                                                                "
"        ███▀               ▄█▀▀█               █▀▀█▄               █▀▀█         "
"       █████               █   █               █   █               █   █        "
"       ▀████               █▄  █               █  ▄█               █  ▄▀        "
"        ▀▀▀▀                ▀▀▀▀               ▀▀▀▀                ▀▀▀▀         "
